Archive member included because of file (symbol)

d:/dave-3.1.10/arm-gcc/bin/../lib/gcc/arm-none-eabi/4.7.4/armv7e-m\libgcc.a(_arm_addsubdf3.o)
                              Main.o (__aeabi_i2d)
d:/dave-3.1.10/arm-gcc/bin/../lib/gcc/arm-none-eabi/4.7.4/armv7e-m\libgcc.a(_arm_muldivdf3.o)
                              Main.o (__aeabi_ddiv)
d:/dave-3.1.10/arm-gcc/bin/../lib/gcc/arm-none-eabi/4.7.4/armv7e-m\libgcc.a(_arm_fixdfsi.o)
                              Main.o (__aeabi_d2iz)
d:/dave-3.1.10/arm-gcc/bin/../lib/gcc/arm-none-eabi/4.7.4/../../../../arm-none-eabi/lib/armv7e-m\libg.a(lib_a-init.o)
                              Startup/startup_XMC4500.o (__libc_init_array)

Allocating common symbols
Common symbol       size              file

Value               0x4               Main.o
TimerTbl            0x400             Dave/Generated/src/SYSTM001/SYSTM001.o
TimerId_1           0x4               Main.o
TX_DATA             0x4               Main.o
BUF                 0xa               Main.o
T_Z                 0x2               Main.o
T_X                 0x2               Main.o
T_Y                 0x2               Main.o
T_T                 0x2               Main.o
TimerId             0x4               Main.o

Discarded input sections

 .group         0x00000000        0x8 Startup/system_XMC4500.o
 .group         0x00000000        0x8 Startup/system_XMC4500.o
 .group         0x00000000        0x8 Startup/system_XMC4500.o
 .group         0x00000000        0x8 Startup/system_XMC4500.o
 .group         0x00000000        0x8 Startup/system_XMC4500.o
 .group         0x00000000        0x8 Startup/system_XMC4500.o
 .group         0x00000000        0x8 Startup/system_XMC4500.o
 .group         0x00000000        0x8 Startup/system_XMC4500.o
 .group         0x00000000        0x8 Startup/system_XMC4500.o
 .group         0x00000000        0x8 Startup/system_XMC4500.o
 .group         0x00000000        0x8 Startup/system_XMC4500.o
 .group         0x00000000        0x8 Startup/system_XMC4500.o
 .group         0x00000000        0x8 Startup/system_XMC4500.o
 .comment       0x00000000       0x71 Startup/system_XMC4500.o
 .group         0x00000000        0x8 Main.o
 .group         0x00000000        0x8 Main.o
 .group         0x00000000        0x8 Main.o
 .group         0x00000000        0x8 Main.o
 .group         0x00000000        0x8 Main.o
 .group         0x00000000        0x8 Main.o
 .group         0x00000000        0x8 Main.o
 .group         0x00000000        0x8 Main.o
 .group         0x00000000        0x8 Main.o
 .group         0x00000000        0x8 Main.o
 .group         0x00000000        0x8 Main.o
 .group         0x00000000        0x8 Main.o
 .group         0x00000000        0x8 Main.o
 .group         0x00000000        0x8 Main.o
 .group         0x00000000        0x8 Main.o
 .group         0x00000000        0x8 Main.o
 .group         0x00000000        0x8 Main.o
 .group         0x00000000        0x8 Main.o
 .group         0x00000000        0x8 Main.o
 .group         0x00000000        0x8 Main.o
 .group         0x00000000        0x8 Main.o
 .group         0x00000000        0x8 Main.o
 .group         0x00000000        0x8 Main.o
 .group         0x00000000        0x8 Main.o
 .group         0x00000000        0x8 Main.o
 .group         0x00000000        0x8 Main.o
 .group         0x00000000        0x8 Main.o
 .debug_macro   0x00000000      0x814 Main.o
 .debug_macro   0x00000000       0x2d Main.o
 .debug_macro   0x00000000       0x3b Main.o
 .debug_macro   0x00000000       0x3a Main.o
 .debug_macro   0x00000000       0x10 Main.o
 .debug_macro   0x00000000       0x2e Main.o
 .debug_macro   0x00000000       0xa3 Main.o
 .debug_macro   0x00000000      0x20e Main.o
 .debug_macro   0x00000000       0x2d Main.o
 .debug_macro   0x00000000       0x42 Main.o
 .debug_macro   0x00000000      0xd39 Main.o
 .debug_macro   0x00000000    0x150f5 Main.o
 .comment       0x00000000       0x71 Main.o
 .group         0x00000000        0x8 Lib/System_LibcStubs.o
 .group         0x00000000        0x8 Lib/System_LibcStubs.o
 .group         0x00000000        0x8 Lib/System_LibcStubs.o
 .group         0x00000000        0x8 Lib/System_LibcStubs.o
 .group         0x00000000        0x8 Lib/System_LibcStubs.o
 .group         0x00000000        0x8 Lib/System_LibcStubs.o
 .group         0x00000000        0x8 Lib/System_LibcStubs.o
 .group         0x00000000        0x8 Lib/System_LibcStubs.o
 .group         0x00000000        0x8 Lib/System_LibcStubs.o
 .group         0x00000000        0x8 Lib/System_LibcStubs.o
 .group         0x00000000        0x8 Lib/System_LibcStubs.o
 .group         0x00000000        0x8 Lib/System_LibcStubs.o
 .group         0x00000000        0x8 Lib/System_LibcStubs.o
 .group         0x00000000        0x8 Lib/System_LibcStubs.o
 .group         0x00000000        0x8 Lib/System_LibcStubs.o
 .group         0x00000000        0x8 Lib/System_LibcStubs.o
 .group         0x00000000        0x8 Lib/System_LibcStubs.o
[...]
Memory Configuration

Name             Origin             Length             Attributes
FLASH_1_cached   0x08000000         0x00100000         xr
FLASH_1_uncached 0x0c000000         0x00100000         xr
PSRAM_1          0x10000000         0x00010000         !xr
DSRAM_1_system   0x20000000         0x00010000         !xr
DSRAM_2_comm     0x30000000         0x00008000         !xr
*default*        0x00000000         0xffffffff

Linker script and memory map

LOAD Startup/startup_XMC4500.o
LOAD Startup/system_XMC4500.o
LOAD Main.o
LOAD Lib/System_LibcStubs.o
LOAD Dave/Generated/src/UART001/UART001.o
LOAD Dave/Generated/src/UART001/UART001_Conf.o
LOAD Dave/Generated/src/SYSTM001/SYSTM001.o
LOAD Dave/Generated/src/RESET001/RESET001.o
LOAD Dave/Generated/src/LIBS/CCU8PWMLIB.o
LOAD Dave/Generated/src/LIBS/MOTORLIB.o
LOAD Dave/Generated/src/IO004/IO004.o
LOAD Dave/Generated/src/IO004/IO004_Conf.o
LOAD Dave/Generated/src/DAVESupport/DAVE3.o
LOAD Dave/Generated/src/DAVESupport/MULTIPLEXER.o
LOAD Dave/Generated/src/CLK001/CLK001.o
START GROUP
LOAD d:/dave-3.1.10/arm-gcc/bin/../lib/gcc/arm-none-eabi/4.7.4/armv7e-m\libgcc.a
LOAD d:/dave-3.1.10/arm-gcc/bin/../lib/gcc/arm-none-eabi/4.7.4/../../../../arm-none-eabi/lib/armv7e-m\libg.a
LOAD d:/dave-3.1.10/arm-gcc/bin/../lib/gcc/arm-none-eabi/4.7.4/../../../../arm-none-eabi/lib/armv7e-m\libc.a
END GROUP
                0x00000800                stack_size = 0x800

.text           0x08000000     0x4c4c load address 0x0c000000
                0x08000000                sText = .
 *(.Xmc4500.reset)
 .Xmc4500.reset
                0x08000000      0x21c Startup/startup_XMC4500.o
                0x08000000                __Xmc4500_interrupt_vector_cortex_m
                0x08000200                __Xmc4500_reset_cortex_m
 *(.Xmc4500.postreset)
 .Xmc4500.postreset
                0x0800021c       0x94 Startup/startup_XMC4500.o
 *(.XmcStartup)
 .XmcStartup    0x080002b0        0x4 Startup/startup_XMC4500.o
 *(.text .text.* .gnu.linkonce.t.*)
 .text          0x080002b4      0x82c Startup/startup_XMC4500.o
                0x080002b4                NMI_Handler
                0x080002b6                NMI_Handler_Veneer
                0x080002c4                HardFault_Handler
                0x080002c6                HardFault_Handler_Veneer
                0x080002d4                MemManage_Handler
                0x080002d6                MemManage_Handler_Veneer
                0x080002e4                BusFault_Handler
                0x080002e6                BusFault_Handler_Veneer
                0x080002f4                UsageFault_Handler
                0x080002f6                UsageFault_Handler_Veneer
                0x08000304                SVC_Handler
                0x08000306                SVC_Handler_Veneer
                0x08000314                DebugMon_Handler
                0x08000316                DebugMon_Handler_Veneer
                0x08000324                PendSV_Handler
                0x08000326                PendSV_Handler_Veneer
                0x08000336                SysTick_Handler_Veneer
                0x08000344                SCU_0_IRQHandler
                0x08000346                SCU_0_IRQHandler_Veneer
                0x08000354                ERU0_0_IRQHandler
                0x08000356                ERU0_0_IRQHandler_Veneer
                0x08000364                ERU0_1_IRQHandler
                0x08000366                ERU0_1_IRQHandler_Veneer
                0x08000374                ERU0_2_IRQHandler
                0x08000376                ERU0_2_IRQHandler_Veneer
                0x08000384                ERU0_3_IRQHandler
                0x08000386                ERU0_3_IRQHandler_Veneer
                0x08000394                ERU1_0_IRQHandler
                0x08000396                ERU1_0_IRQHandler_Veneer
                0x080003a4                ERU1_1_IRQHandler
                0x080003a6                ERU1_1_IRQHandler_Veneer
                0x080003b4                ERU1_2_IRQHandler
                0x080003b6                ERU1_2_IRQHandler_Veneer
                0x080003c4                ERU1_3_IRQHandler
                0x080003c6                ERU1_3_IRQHandler_Veneer
                0x080003d4                PMU0_0_IRQHandler
                0x080003d6                PMU0_0_IRQHandler_Veneer
                0x080003e4                VADC0_C0_0_IRQHandler
                0x080003e6                VADC0_C0_0_IRQHandler_Veneer
                0x080003f4                VADC0_C0_1_IRQHandler
                0x080003f6                VADC0_C0_1_IRQHandler_Veneer
                0x08000404                VADC0_C0_2_IRQHandler
                0x08000406                VADC0_C0_2_IRQHandler_Veneer
                0x08000414                VADC0_C0_3_IRQHandler
                0x08000416                VADC0_C0_3_IRQHandler_Veneer
                0x08000424                VADC0_G0_0_IRQHandler
                0x08000426                VADC0_G0_0_IRQHandler_Veneer
                0x08000434                VADC0_G0_1_IRQHandler
                0x08000436                VADC0_G0_1_IRQHandler_Veneer
                0x08000444                VADC0_G0_2_IRQHandler
                0x08000446                VADC0_G0_2_IRQHandler_Veneer
                0x08000454                VADC0_G0_3_IRQHandler
                0x08000456                VADC0_G0_3_IRQHandler_Veneer
                0x08000464                VADC0_G1_0_IRQHandler
                0x08000466                VADC0_G1_0_IRQHandler_Veneer
                0x08000474                VADC0_G1_1_IRQHandler
                0x08000476                VADC0_G1_1_IRQHandler_Veneer
                0x08000484                VADC0_G1_2_IRQHandler
                0x08000486                VADC0_G1_2_IRQHandler_Veneer
                0x08000494                VADC0_G1_3_IRQHandler
                0x08000496                VADC0_G1_3_IRQHandler_Veneer
                0x080004a4                VADC0_G2_0_IRQHandler
                0x080004a6                VADC0_G2_0_IRQHandler_Veneer
                0x080004b4                VADC0_G2_1_IRQHandler
                0x080004b6                VADC0_G2_1_IRQHandler_Veneer
                0x080004c4                VADC0_G2_2_IRQHandler
                0x080004c6                VADC0_G2_2_IRQHandler_Veneer
                0x080004d4                VADC0_G2_3_IRQHandler
                0x080004d6                VADC0_G2_3_IRQHandler_Veneer
                0x080004e4                VADC0_G3_0_IRQHandler
                0x080004e6                VADC0_G3_0_IRQHandler_Veneer
                0x080004f4                VADC0_G3_1_IRQHandler
                0x080004f6                VADC0_G3_1_IRQHandler_Veneer
                0x08000504                VADC0_G3_2_IRQHandler
                0x08000506                VADC0_G3_2_IRQHandler_Veneer
                0x08000514                VADC0_G3_3_IRQHandler
                0x08000516                VADC0_G3_3_IRQHandler_Veneer
                0x08000524                DSD0_0_IRQHandler
                0x08000526                DSD0_0_IRQHandler_Veneer
                0x08000534                DSD0_1_IRQHandler
                0x08000536                DSD0_1_IRQHandler_Veneer
                0x08000544                DSD0_2_IRQHandler
                0x08000546                DSD0_2_IRQHandler_Veneer
                0x08000554                DSD0_3_IRQHandler
                0x08000556                DSD0_3_IRQHandler_Veneer
                0x08000564                DSD0_4_IRQHandler
                0x08000566                DSD0_4_IRQHandler_Veneer
                0x08000574                DSD0_5_IRQHandler
                0x08000576                DSD0_5_IRQHandler_Veneer
                0x08000584                DSD0_6_IRQHandler
                0x08000586                DSD0_6_IRQHandler_Veneer
                0x08000594                DSD0_7_IRQHandler
                0x08000596                DSD0_7_IRQHandler_Veneer
                0x080005a4                DAC0_0_IRQHandler
                0x080005a6                DAC0_0_IRQHandler_Veneer
                0x080005b4                DAC0_1_IRQHandler
                0x080005b6                DAC0_1_IRQHandler_Veneer
                0x080005c4                CCU40_0_IRQHandler
                0x080005c6                CCU40_0_IRQHandler_Veneer
                0x080005d4                CCU40_1_IRQHandler
                0x080005d6                CCU40_1_IRQHandler_Veneer
                0x080005e4                CCU40_2_IRQHandler
                0x080005e6                CCU40_2_IRQHandler_Veneer
                0x080005f4                CCU40_3_IRQHandler
                0x080005f6                CCU40_3_IRQHandler_Veneer
                0x08000604                CCU41_0_IRQHandler
                0x08000606                CCU41_0_IRQHandler_Veneer
                0x08000612                CCU41_1_IRQHandler
                0x08000614                CCU41_1_IRQHandler_Veneer
                0x08000620                CCU41_2_IRQHandler
                0x08000622                CCU41_2_IRQHandler_Veneer
                0x0800062e                CCU41_3_IRQHandler
                0x08000630                CCU41_3_IRQHandler_Veneer
                0x0800063c                CCU42_0_IRQHandler
                0x0800063e                CCU42_0_IRQHandler_Veneer
                0x0800064a                CCU42_1_IRQHandler
                0x0800064c                CCU42_1_IRQHandler_Veneer
                0x08000658                CCU42_2_IRQHandler
                0x0800065a                CCU42_2_IRQHandler_Veneer
                0x08000666                CCU42_3_IRQHandler
                0x08000668                CCU42_3_IRQHandler_Veneer
                0x08000674                CCU43_0_IRQHandler
                0x08000676                CCU43_0_IRQHandler_Veneer
                0x08000682                CCU43_1_IRQHandler
                0x08000684                CCU43_1_IRQHandler_Veneer
                0x08000690                CCU43_2_IRQHandler
                0x08000692                CCU43_2_IRQHandler_Veneer
                0x0800069e                CCU43_3_IRQHandler
                0x080006a0                CCU43_3_IRQHandler_Veneer
                0x080006ac                CCU80_0_IRQHandler
                0x080006ae                CCU80_0_IRQHandler_Veneer
                0x080006ba                CCU80_1_IRQHandler
                0x080006bc                CCU80_1_IRQHandler_Veneer
                0x080006c8                CCU80_2_IRQHandler
                0x080006ca                CCU80_2_IRQHandler_Veneer
                0x080006d6                CCU80_3_IRQHandler
                0x080006d8                CCU80_3_IRQHandler_Veneer
                0x080006e4                CCU81_0_IRQHandler
                0x080006e6                CCU81_0_IRQHandler_Veneer
                0x080006f2                CCU81_1_IRQHandler
                0x080006f4                CCU81_1_IRQHandler_Veneer
                0x08000700                CCU81_2_IRQHandler
                0x08000702                CCU81_2_IRQHandler_Veneer
                0x0800070e                CCU81_3_IRQHandler
                0x08000710                CCU81_3_IRQHandler_Veneer
                0x0800071c                POSIF0_0_IRQHandler
                0x0800071e                POSIF0_0_IRQHandler_Veneer
                0x0800072a                POSIF0_1_IRQHandler
                0x0800072c                POSIF0_1_IRQHandler_Veneer
                0x08000738                POSIF1_0_IRQHandler
                0x0800073a                POSIF1_0_IRQHandler_Veneer
                0x08000746                POSIF1_1_IRQHandler
                0x08000748                POSIF1_1_IRQHandler_Veneer
                0x08000754                CAN0_0_IRQHandler
                0x08000756                CAN0_0_IRQHandler_Veneer
                0x08000762                CAN0_1_IRQHandler
                0x08000764                CAN0_1_IRQHandler_Veneer
                0x08000770                CAN0_2_IRQHandler
                0x08000772                CAN0_2_IRQHandler_Veneer
                0x0800077e                CAN0_3_IRQHandler
                0x08000780                CAN0_3_IRQHandler_Veneer
                0x0800078c                CAN0_4_IRQHandler
                0x0800078e                CAN0_4_IRQHandler_Veneer
                0x0800079a                CAN0_5_IRQHandler
                0x0800079c                CAN0_5_IRQHandler_Veneer
                0x080007a8                CAN0_6_IRQHandler
                0x080007aa                CAN0_6_IRQHandler_Veneer
                0x080007b6                CAN0_7_IRQHandler
                0x080007b8                CAN0_7_IRQHandler_Veneer
                0x080007c4                USIC0_0_IRQHandler
                0x080007c6                USIC0_0_IRQHandler_Veneer
                0x080007d2                USIC0_1_IRQHandler
                0x080007d4                USIC0_1_IRQHandler_Veneer
                0x080007e0                USIC0_2_IRQHandler
                0x080007e2                USIC0_2_IRQHandler_Veneer
                0x080007ee                USIC0_3_IRQHandler
                0x080007f0                USIC0_3_IRQHandler_Veneer
                0x080007fc                USIC0_4_IRQHandler
                0x080007fe                USIC0_4_IRQHandler_Veneer
                0x0800080a                USIC0_5_IRQHandler
                0x0800080c                USIC0_5_IRQHandler_Veneer
                0x08000818                USIC1_0_IRQHandler
                0x0800081a                USIC1_0_IRQHandler_Veneer
                0x08000826                USIC1_1_IRQHandler
                0x08000828                USIC1_1_IRQHandler_Veneer
                0x08000834                USIC1_2_IRQHandler
                0x08000836                USIC1_2_IRQHandler_Veneer
                0x08000842                USIC1_3_IRQHandler
                0x08000844                USIC1_3_IRQHandler_Veneer
                0x08000850                USIC1_4_IRQHandler
                0x08000852                USIC1_4_IRQHandler_Veneer
                0x0800085e                USIC1_5_IRQHandler
                0x08000860                USIC1_5_IRQHandler_Veneer
                0x0800086c                USIC2_0_IRQHandler
                0x0800086e                USIC2_0_IRQHandler_Veneer
                0x0800087a                USIC2_1_IRQHandler
                0x0800087c                USIC2_1_IRQHandler_Veneer
                0x08000888                USIC2_2_IRQHandler
                0x0800088a                USIC2_2_IRQHandler_Veneer
                0x08000896                USIC2_3_IRQHandler
                0x08000898                USIC2_3_IRQHandler_Veneer
                0x080008a4                USIC2_4_IRQHandler
                0x080008a6                USIC2_4_IRQHandler_Veneer
                0x080008b2                USIC2_5_IRQHandler
                0x080008b4                USIC2_5_IRQHandler_Veneer
                0x080008c0                LEDTS0_0_IRQHandler
                0x080008c2                LEDTS0_0_IRQHandler_Veneer
                0x080008ce                FCE0_0_IRQHandler
                0x080008d0                FCE0_0_IRQHandler_Veneer
                0x080008dc                GPDMA0_0_IRQHandler
                0x080008de                GPDMA0_0_IRQHandler_Veneer
                0x080008ea                SDMMC0_0_IRQHandler
                0x080008ec                SDMMC0_0_IRQHandler_Veneer
                0x080008f8                USB0_0_IRQHandler
                0x080008fa                USB0_0_IRQHandler_Veneer
                0x08000906                ETH0_0_IRQHandler
                0x08000908                ETH0_0_IRQHandler_Veneer
                0x08000914                GPDMA1_0_IRQHandler
                0x08000916                GPDMA1_0_IRQHandler_Veneer
 .text          0x08000ae0        0x0 Startup/system_XMC4500.o
 .text.SystemInit
                0x08000ae0       0x9c Startup/system_XMC4500.o
                0x08000ae0                SystemInit
 .text.SystemCoreClockUpdate
                0x08000b7c      0x148 Startup/system_XMC4500.o
                0x08000b7c                SystemCoreClockUpdate
 .text.SystemClockSetup
                0x08000cc4      0x4cc Startup/system_XMC4500.o
 .text          0x08001190        0x0 Main.o
 .text.DATA_printf
                0x08001190      0x100 Main.o
                0x08001190                DATA_printf
 .text.USART1_SendData
                0x08001290       0x30 Main.o
                0x08001290                USART1_SendData
 .text.I2C_delay
                0x080012c0       0x28 Main.o
 .text.ReadSDA  0x080012e8       0x40 Main.o
 .text.I2C_Start
                0x08001328       0xb8 Main.o
 .text.I2C_Stop
                0x080013e0       0x90 Main.o
 .text.I2C_Ack  0x08001470       0x90 Main.o
 .text.I2C_NoAck
                0x08001500       0x90 Main.o
 .text.I2C_WaitAck
                0x08001590       0xe8 Main.o
 .text.I2C_SendByte
                0x08001678       0xe8 Main.o
 .text.I2C_ReceiveByte
                0x08001760       0xd4 Main.o
 .text.i2cWriteBuffer
                0x08001834       0xa0 Main.o
                0x08001834                i2cWriteBuffer
 .text.Single_Write
                0x080018d4       0x68 Main.o
                0x080018d4                Single_Write
 .text.Single_Read
                0x0800193c       0x88 Main.o
                0x0800193c                Single_Read
 .text.Init_MPU6050
                0x080019c4       0x58 Main.o
                0x080019c4                Init_MPU6050
 *fill*         0x08001a1c        0x4 00
 .text.READ_MPU6050
                0x08001a20      0x1e0 Main.o
                0x08001a20                READ_MPU6050
 .text.myputchar
                0x08001c00       0x1c Main.o
                0x08001c00                myputchar
 .text.Send_data
                0x08001c1c       0x74 Main.o
                0x08001c1c                Send_data
 .text.i2cRead  0x08001c90       0x28 Main.o
                0x08001c90                i2cRead
 .text.i2cwrite
                0x08001cb8       0x44 Main.o
                0x08001cb8                i2cwrite
 .text.i2cread  0x08001cfc       0x44 Main.o
                0x08001cfc                i2cread
 .text.i2cGetErrorCounter
                0x08001d40       0x10 Main.o
                0x08001d40                i2cGetErrorCounter
 .text.main     0x08001d50      0x164 Main.o
                0x08001d50                main
 .text.my_func_a
                0x08001eb4       0x54 Main.o
                0x08001eb4                my_func_a
 .text.millisecond_handler
                0x08001f08       0x2c Main.o
                0x08001f08                millisecond_handler
 .text.delay5ms
                0x08001f34       0x44 Main.o
                0x08001f34                delay5ms
 .text          0x08001f78        0x0 Lib/System_LibcStubs.o
 .text._open    0x08001f78       0x1c Lib/System_LibcStubs.o
                0x08001f78                _open
 .text._lseek   0x08001f94       0x1c Lib/System_LibcStubs.o
                0x08001f94                _lseek
 .text._read    0x08001fb0       0x1c Lib/System_LibcStubs.o
                0x08001fb0                _read
 .text._write   0x08001fcc       0x1c Lib/System_LibcStubs.o
                0x08001fcc                _write
 .text._close   0x08001fe8       0x10 Lib/System_LibcStubs.o
                0x08001fe8                _close
 .text._fstat   0x08001ff8       0x28 Lib/System_LibcStubs.o
                0x08001ff8                _fstat
 .text._link    0x08002020       0x28 Lib/System_LibcStubs.o
                0x08002020                _link
 .text._unlink  0x08002048       0x18 Lib/System_LibcStubs.o
                0x08002048                _unlink
 .text._sbrk    0x08002060       0xa0 Lib/System_LibcStubs.o
                0x08002060                _sbrk
 .text._times   0x08002100       0x18 Lib/System_LibcStubs.o
                0x08002100                _times
 .text._wait    0x08002118       0x18 Lib/System_LibcStubs.o
                0x08002118                _wait
 .text._kill    0x08002130       0x1c Lib/System_LibcStubs.o
                0x08002130                _kill
 .text._fork    0x0800214c       0x10 Lib/System_LibcStubs.o
                0x0800214c                _fork
 .text._getpid  0x0800215c       0x10 Lib/System_LibcStubs.o
                0x0800215c                _getpid
 .text._exit    0x0800216c        0xc Lib/System_LibcStubs.o
                0x0800216c                _exit
 .text._init    0x08002178        0xc Lib/System_LibcStubs.o
                0x08002178                _init
 .text._isatty  0x08002184       0x18 Lib/System_LibcStubs.o
                0x08002184                _isatty
 .text          0x0800219c        0x0 Dave/Generated/src/UART001/UART001.o
 .text.UART001_lInit
                0x0800219c      0x1a8 Dave/Generated/src/UART001/UART001.o
                0x0800219c                UART001_lInit
 .text.UART001_lConfigTXPin
                0x08002344       0xfc Dave/Generated/src/UART001/UART001.o
                0x08002344                UART001_lConfigTXPin
 .text.UART001_labsRealType
                0x08002440       0x38 Dave/Generated/src/UART001/UART001.o
                0x08002440                UART001_labsRealType
 .text.UART001_lConfigureBaudRate
                0x08002478      0x4e8 Dave/Generated/src/UART001/UART001.o
                0x08002478                UART001_lConfigureBaudRate
 .text.UART001_Init
                0x08002960       0x68 Dave/Generated/src/UART001/UART001.o
                0x08002960                UART001_Init
 .text.UART001_DeInit
                0x080029c8       0x14 Dave/Generated/src/UART001/UART001.o
                0x080029c8                UART001_DeInit
 .text.UART001_Configure
                0x080029dc      0x114 Dave/Generated/src/UART001/UART001.o
                0x080029dc                UART001_Configure
 .text.UART001_ReadDataMultiple
                0x08002af0       0x80 Dave/Generated/src/UART001/UART001.o
                0x08002af0                UART001_ReadDataMultiple
 .text.UART001_ReadDataBytes
                0x08002b70       0x80 Dave/Generated/src/UART001/UART001.o
                0x08002b70                UART001_ReadDataBytes
 .text.UART001_WriteDataMultiple
                0x08002bf0       0x90 Dave/Generated/src/UART001/UART001.o
                0x08002bf0                UART001_WriteDataMultiple
 .text.UART001_WriteDataBytes
                0x08002c80       0x90 Dave/Generated/src/UART001/UART001.o
                0x08002c80                UART001_WriteDataBytes
 .text.UART001_GetFlagStatus
                0x08002d10       0x98 Dave/Generated/src/UART001/UART001.o
                0x08002d10                UART001_GetFlagStatus
 .text.UART001_ClearFlag
                0x08002da8       0x78 Dave/Generated/src/UART001/UART001.o
                0x08002da8                UART001_ClearFlag
 .text          0x08002e20        0x0 Dave/Generated/src/UART001/UART001_Conf.o
 .text          0x08002e20        0x0 Dave/Generated/src/SYSTM001/SYSTM001.o
 .text.NVIC_GetPriorityGrouping
                0x08002e20       0x20 Dave/Generated/src/SYSTM001/SYSTM001.o
 .text.NVIC_SetPriority
                0x08002e40       0x5c Dave/Generated/src/SYSTM001/SYSTM001.o
 .text.NVIC_EncodePriority
                0x08002e9c       0x78 Dave/Generated/src/SYSTM001/SYSTM001.o
 .text.SysTick_Config
                0x08002f14       0x64 Dave/Generated/src/SYSTM001/SYSTM001.o
 .text.SYSTM001_lInsertTimerList
                0x08002f78      0x214 Dave/Generated/src/SYSTM001/SYSTM001.o
 .text.SYSTM001_lRemoveTimerList
                0x0800318c       0xd8 Dave/Generated/src/SYSTM001/SYSTM001.o
 .text.SYSTM001_lTimerHandler
                0x08003264       0x94 Dave/Generated/src/SYSTM001/SYSTM001.o
 .text.SysTick_Handler
                0x080032f8       0x5c Dave/Generated/src/SYSTM001/SYSTM001.o
                0x080032f8                SysTick_Handler
 .text.SYSTM001_Init
                0x08003354       0x64 Dave/Generated/src/SYSTM001/SYSTM001.o
                0x08003354                SYSTM001_Init
 .text.SYSTM001_CreateTimer
                0x080033b8      0x1a0 Dave/Generated/src/SYSTM001/SYSTM001.o
                0x080033b8                SYSTM001_CreateTimer
 .text.SYSTM001_StartTimer
                0x08003558       0xb4 Dave/Generated/src/SYSTM001/SYSTM001.o
                0x08003558                SYSTM001_StartTimer
 .text.SYSTM001_StopTimer
                0x0800360c       0x90 Dave/Generated/src/SYSTM001/SYSTM001.o
                0x0800360c                SYSTM001_StopTimer
 .text.SYSTM001_DeleteTimer
                0x0800369c       0x9c Dave/Generated/src/SYSTM001/SYSTM001.o
                0x0800369c                SYSTM001_DeleteTimer
 .text.SYSTM001_GetTime
                0x08003738       0x18 Dave/Generated/src/SYSTM001/SYSTM001.o
                0x08003738                SYSTM001_GetTime
 .text.SYSTM001_GetSysTickCount
                0x08003750       0x28 Dave/Generated/src/SYSTM001/SYSTM001.o
                0x08003750                SYSTM001_GetSysTickCount
 .text          0x08003778        0x0 Dave/Generated/src/RESET001/RESET001.o
 .text.RESET001_AssertReset
                0x08003778       0x54 Dave/Generated/src/RESET001/RESET001.o
                0x08003778                RESET001_AssertReset
 .text.RESET001_DeassertReset
                0x080037cc       0x54 Dave/Generated/src/RESET001/RESET001.o
                0x080037cc                RESET001_DeassertReset
 .text.RESET001_GetResetInfo
                0x08003820       0x2c Dave/Generated/src/RESET001/RESET001.o
                0x08003820                RESET001_GetResetInfo
 .text.RESET001_GetStatus
                0x0800384c       0x7c Dave/Generated/src/RESET001/RESET001.o
                0x0800384c                RESET001_GetStatus
 .text.RESET001_ClearResetInfo
                0x080038c8       0x28 Dave/Generated/src/RESET001/RESET001.o
                0x080038c8                RESET001_ClearResetInfo
 .text          0x080038f0        0x0 Dave/Generated/src/LIBS/CCU8PWMLIB.o
 .text          0x080038f0        0x0 Dave/Generated/src/LIBS/MOTORLIB.o
 .text          0x080038f0        0x0 Dave/Generated/src/IO004/IO004.o
 .text.IO004_Init
                0x080038f0       0xcc Dave/Generated/src/IO004/IO004.o
                0x080038f0                IO004_Init
 .text.IO004_DisableOutputDriver
                0x080039bc      0x17c Dave/Generated/src/IO004/IO004.o
                0x080039bc                IO004_DisableOutputDriver
 .text.IO004_EnableOutputDriver
                0x08003b38      0x17c Dave/Generated/src/IO004/IO004.o
                0x08003b38                IO004_EnableOutputDriver
 .text          0x08003cb4        0x0 Dave/Generated/src/IO004/IO004_Conf.o
 .text          0x08003cb4        0x0 Dave/Generated/src/DAVESupport/DAVE3.o
 .text.NVIC_SetPriorityGrouping
                0x08003cb4       0x50 Dave/Generated/src/DAVESupport/DAVE3.o
 .text.DAVE_Init
                0x08003d04       0x28 Dave/Generated/src/DAVESupport/DAVE3.o
                0x08003d04                DAVE_Init
 .text.SystemInit_DAVE3
                0x08003d2c        0xc Dave/Generated/src/DAVESupport/DAVE3.o
                0x08003d2c                SystemInit_DAVE3
 .text          0x08003d38        0x0 Dave/Generated/src/DAVESupport/MULTIPLEXER.o
 .text.DAVE_MUX_Init
                0x08003d38      0x150 Dave/Generated/src/DAVESupport/MULTIPLEXER.o
                0x08003d38                DAVE_MUX_Init
 .text.DAVE_MUX_PreInit
                0x08003e88        0xc Dave/Generated/src/DAVESupport/MULTIPLEXER.o
                0x08003e88                DAVE_MUX_PreInit
 .text          0x08003e94        0x0 Dave/Generated/src/CLK001/CLK001.o
 .text.CLK001_Delay
                0x08003e94       0x34 Dave/Generated/src/CLK001/CLK001.o
 .text.CLK001_SysClk_Valid
                0x08003ec8       0x38 Dave/Generated/src/CLK001/CLK001.o
 .text.CLK001_BackupClkTrim
                0x08003f00       0x94 Dave/Generated/src/CLK001/CLK001.o
 .text.CLK001_SetMainPLLClkSrc
                0x08003f94       0xf0 Dave/Generated/src/CLK001/CLK001.o
 .text.CLK001_ConfigMainPLL
                0x08004084      0x15c Dave/Generated/src/CLK001/CLK001.o
 .text.CLK001_FreqStepupMainPLL
                0x080041e0      0x164 Dave/Generated/src/CLK001/CLK001.o
 .text.CLK001_SysClk_Init
                0x08004344       0x50 Dave/Generated/src/CLK001/CLK001.o
 .text.CLK001_Init
                0x08004394       0x30 Dave/Generated/src/CLK001/CLK001.o
                0x08004394                CLK001_Init
 .text.AllowPLLInitByStartup
                0x080043c4       0x10 Dave/Generated/src/CLK001/CLK001.o
                0x080043c4                AllowPLLInitByStartup
 .text          0x080043d4      0x370 d:/dave-3.1.10/arm-gcc/bin/../lib/gcc/arm-none-eabi/4.7.4/armv7e-m\libgcc.a(_arm_addsubdf3.o)
                0x080043d4                __aeabi_drsub
                0x080043dc                __aeabi_dsub
                0x080043dc                __subdf3
                0x080043e0                __aeabi_dadd
                0x080043e0                __adddf3
                0x08004658                __floatunsidf
                0x08004658                __aeabi_ui2d
                0x08004678                __floatsidf
                0x08004678                __aeabi_i2d
                0x0800469c                __aeabi_f2d
                0x0800469c                __extendsfdf2
                0x080046d8                __floatundidf
                0x080046d8                __aeabi_ul2d
                0x080046e8                __floatdidf
                0x080046e8                __aeabi_l2d
 .text          0x08004744      0x424 d:/dave-3.1.10/arm-gcc/bin/../lib/gcc/arm-none-eabi/4.7.4/armv7e-m\libgcc.a(_arm_muldivdf3.o)
                0x08004744                __aeabi_dmul
                0x08004744                __muldf3
                0x08004998                __divdf3
                0x08004998                __aeabi_ddiv
 .text          0x08004b68       0x50 d:/dave-3.1.10/arm-gcc/bin/../lib/gcc/arm-none-eabi/4.7.4/armv7e-m\libgcc.a(_arm_fixdfsi.o)
                0x08004b68                __aeabi_d2iz
                0x08004b68                __fixdfsi
 .text          0x08004bb8        0x0 d:/dave-3.1.10/arm-gcc/bin/../lib/gcc/arm-none-eabi/4.7.4/../../../../arm-none-eabi/lib/armv7e-m\libg.a(lib_a-init.o)
 .text.__libc_init_array
                0x08004bb8       0x94 d:/dave-3.1.10/arm-gcc/bin/../lib/gcc/arm-none-eabi/4.7.4/../../../../arm-none-eabi/lib/armv7e-m\libg.a(lib_a-init.o)
                0x08004bb8                __libc_init_array
 *(.glue*)
 .glue_7        0x00000000        0x0 linker stubs
 .glue_7t       0x00000000        0x0 linker stubs
 *(.v4*)
 .v4_bx         0x00000000        0x0 linker stubs
 *(.vfp11_veneer)
 .vfp11_veneer  0x00000000        0x0 linker stubs
 *(.init)
                0x08004c4c                __preinit_array_start = .
 *(.preinit_array)
                0x08004c4c                __preinit_array_end = .
                0x08004c4c                __init_array_start = .
 *(SORT(.init_array.*))
 *(.init_array)
                0x08004c4c                __init_array_end = .
 *crtbegin.o(.ctors)
 *(EXCLUDE_FILE(*crtend.o) .ctors)
 *(SORT(.ctors.*))
 *crtend.o(.ctors)
 *(.fini)
                0x08004c4c                __fini_array_start = .
 *(.fini_array)
 *(SORT(.fini_array.*))
                0x08004c4c                __fini_array_end = .
 *crtbegin.o(.dtors)
 *(EXCLUDE_FILE(*crtend.o) .dtors)
 *(SORT(.dtors.*))
 *crtend.o(.dtors)
                0x08004c4c                __extab_start = .
 *(.ARM.extab* .gnu.linkonce.armextab.*)
 .ARM.extab.Xmc4500.reset
                0x08004c4c        0x0 Startup/startup_XMC4500.o
 .ARM.extab.Xmc4500.postreset
                0x08004c4c        0x0 Startup/startup_XMC4500.o
                0x08004c4c                . = ALIGN (0x4)
                0x08004c4c                __extab_end = ABSOLUTE (.)

.iplt           0x08004c4c        0x0 load address 0x0c004c4c
 .iplt          0x00000000        0x0 Startup/startup_XMC4500.o

.ARM.exidx      0x08004c4c       0x10 load address 0x0c004c4c
                0x08004c4c                __exidx_start = .
 *(.ARM.exidx* .gnu.linkonce.armexidx.*)
 .ARM.exidx.Xmc4500.reset
                0x08004c4c        0x8 Startup/startup_XMC4500.o
 .ARM.exidx.Xmc4500.postreset
                0x08004c54        0x8 Startup/startup_XMC4500.o
                0x08004c5c                . = ALIGN (0x4)
                0x08004c5c                __exidx_end = ABSOLUTE (.)

.rodata         0x08004c5c       0x48 load address 0x0c004c5c
 *(.rodata .rodata.*)
 .rodata        0x08004c5c        0x4 Main.o
 .rodata        0x08004c60       0x34 Dave/Generated/src/UART001/UART001_Conf.o
                0x08004c60                UART001_Handle0
 .rodata        0x08004c94       0x10 Dave/Generated/src/IO004/IO004_Conf.o
                0x08004c94                IO004_Handle0
                0x08004c9c                IO004_Handle1
 *(.gnu.linkonce.r*)

.rel.dyn        0x08004ca4        0x0 load address 0x0c004ca4
 .rel.iplt      0x00000000        0x0 Startup/startup_XMC4500.o
                0x08004cb0                . = ALIGN (0x10)
                0x0c004cb0                eROData = (. | 0x4000000)

Stack           0x20000000      0x800
                0x20000800                . = (. + stack_size)
 *fill*         0x20000000      0x800 00
                0x20000800                __Xmc4500_stack = .

Communication_Buffers
 *DMA_Descriptors.o(COMMON)

USB_RAM

.bss            0x20000800      0x460
                0x20000800                __Xmc4500_sBSS = .
 *(.bss)
 .bss           0x20000800        0x0 Startup/startup_XMC4500.o
 .bss           0x20000800        0x0 Startup/system_XMC4500.o
 .bss           0x20000800       0x1c Main.o
                0x20000800                test
                0x20000802                DataReceived
                0x20000810                TimerId_2_cnt
                0x20000814                soft_cnt
                0x20000818                TimerExpired
 .bss           0x2000081c        0xc Lib/System_LibcStubs.o
                0x2000081c                __dso_handle
 .bss           0x20000828        0x0 Dave/Generated/src/UART001/UART001.o
 .bss           0x20000828        0x0 Dave/Generated/src/UART001/UART001_Conf.o
 .bss           0x20000828        0xc Dave/Generated/src/SYSTM001/SYSTM001.o
                0x20000828                TimerList
                0x2000082c                TimerTracker
                0x20000830                SysTickCount
 .bss           0x20000834        0x0 Dave/Generated/src/RESET001/RESET001.o
 .bss           0x20000834        0x0 Dave/Generated/src/LIBS/CCU8PWMLIB.o
 .bss           0x20000834        0x0 Dave/Generated/src/LIBS/MOTORLIB.o
 .bss           0x20000834        0x0 Dave/Generated/src/IO004/IO004.o
 .bss           0x20000834        0x0 Dave/Generated/src/IO004/IO004_Conf.o
 .bss           0x20000834        0x0 Dave/Generated/src/DAVESupport/DAVE3.o
 .bss           0x20000834        0x0 Dave/Generated/src/DAVESupport/MULTIPLEXER.o
 .bss           0x20000834        0x8 Dave/Generated/src/CLK001/CLK001.o
 .bss           0x2000083c        0x0 d:/dave-3.1.10/arm-gcc/bin/../lib/gcc/arm-none-eabi/4.7.4/armv7e-m\libgcc.a(_arm_addsubdf3.o)
 .bss           0x2000083c        0x0 d:/dave-3.1.10/arm-gcc/bin/../lib/gcc/arm-none-eabi/4.7.4/armv7e-m\libgcc.a(_arm_muldivdf3.o)
 .bss           0x2000083c        0x0 d:/dave-3.1.10/arm-gcc/bin/../lib/gcc/arm-none-eabi/4.7.4/armv7e-m\libgcc.a(_arm_fixdfsi.o)
 .bss           0x2000083c        0x0 d:/dave-3.1.10/arm-gcc/bin/../lib/gcc/arm-none-eabi/4.7.4/../../../../arm-none-eabi/lib/armv7e-m\libg.a(lib_a-init.o)
 *(.bss*)
 *(EXCLUDE_FILE(*DMA_Descriptors.o) COMMON)
 COMMON         0x2000083c       0x24 Main.o
                0x2000083c                Value
                0x20000840                TimerId_1
                0x20000844                TX_DATA
                0x20000848                BUF
                0x20000852                T_Z
                0x20000854                T_X
                0x20000856                T_Y
                0x20000858                T_T
                0x2000085c                TimerId
 COMMON         0x20000860      0x400 Dave/Generated/src/SYSTM001/SYSTM001.o
                0x20000860                TimerTbl
 *(.gnu.linkonce.b*)
                0x20000c60                __Xmc4500_eBSS = ALIGN (0x4)
                0x00000460                __Xmc4500_BSS_Size = (__Xmc4500_eBSS - __Xmc4500_sBSS)

.data           0x20000c60        0x8 load address 0x0c004cb0
                0x20000c60                __Xmc4500_sData = .
 *(.data)
 .data          0x20000c60        0x0 Startup/startup_XMC4500.o
 .data          0x20000c60        0x4 Startup/system_XMC4500.o
                0x20000c60                SystemCoreClock
 .data          0x20000c64        0x0 Main.o
 .data          0x20000c64        0x0 Lib/System_LibcStubs.o
 .data          0x20000c64        0x0 Dave/Generated/src/UART001/UART001.o
 .data          0x20000c64        0x4 Dave/Generated/src/UART001/UART001_Conf.o
                0x20000c64                UART001_HandleArray
 .data          0x20000c68        0x0 Dave/Generated/src/SYSTM001/SYSTM001.o
 .data          0x20000c68        0x0 Dave/Generated/src/RESET001/RESET001.o
 .data          0x20000c68        0x0 Dave/Generated/src/LIBS/CCU8PWMLIB.o
 .data          0x20000c68        0x0 Dave/Generated/src/LIBS/MOTORLIB.o
 .data          0x20000c68        0x0 Dave/Generated/src/IO004/IO004.o
 .data          0x20000c68        0x0 Dave/Generated/src/IO004/IO004_Conf.o
 .data          0x20000c68        0x0 Dave/Generated/src/DAVESupport/DAVE3.o
 .data          0x20000c68        0x0 Dave/Generated/src/DAVESupport/MULTIPLEXER.o
 .data          0x20000c68        0x0 Dave/Generated/src/CLK001/CLK001.o
 .data          0x20000c68        0x0 d:/dave-3.1.10/arm-gcc/bin/../lib/gcc/arm-none-eabi/4.7.4/armv7e-m\libgcc.a(_arm_addsubdf3.o)
 .data          0x20000c68        0x0 d:/dave-3.1.10/arm-gcc/bin/../lib/gcc/arm-none-eabi/4.7.4/armv7e-m\libgcc.a(_arm_muldivdf3.o)
 .data          0x20000c68        0x0 d:/dave-3.1.10/arm-gcc/bin/../lib/gcc/arm-none-eabi/4.7.4/armv7e-m\libgcc.a(_arm_fixdfsi.o)
 .data          0x20000c68        0x0 d:/dave-3.1.10/arm-gcc/bin/../lib/gcc/arm-none-eabi/4.7.4/../../../../arm-none-eabi/lib/armv7e-m\libg.a(lib_a-init.o)
 *(.data*)
 *(*.data)
 *(.gnu.linkonce.d*)
                0x20000c68                __Xmc4500_eData = ALIGN (0x4)
                0x00000008                __Xmc4500_Data_Size = (__Xmc4500_eData - __Xmc4500_sData)
                0x20000c68                __Xmc4500_heap_start = ALIGN (0x8)
                0x20010000                __Xmc4500_heap_end = (ORIGIN (DSRAM_1_system) + 0x10000)
                0x20000c68                Heap_Bank1_Start = __Xmc4500_heap_start
                0x0000f398                Heap_Bank1_Size = (__Xmc4500_heap_end - __Xmc4500_heap_start)
                0x20010000                Heap_Bank1_End = ABSOLUTE (__Xmc4500_heap_end)

.igot.plt       0x20000c68        0x0 load address 0x0c004cb8
 .igot.plt      0x00000000        0x0 Startup/startup_XMC4500.o

DSRAM2_Heap     0x30000000        0x0
                0x30000000                Heap_Bank2_Start = .
                0x00008000                Heap_Bank2_Size = (0x8000 - (Heap_Bank2_Start - ORIGIN (DSRAM_2_comm)))

PSRAM_Heap      0x10000000        0x0
                0x10000000                Heap_Bank3_Start = .
                0x00010000                Heap_Bank3_Size = (0x10000 - (Heap_Bank3_Start - ORIGIN (PSRAM_1)))

/DISCARD/
 *(.comment)

.stab
 *(.stab)

.stabstr
 *(.stabstr)

.debug
 *(.debug)

.line
 *(.line)

.debug_srcinfo
 *(.debug_srcinfo)

.debug_sfnames
 *(.debug_sfnames)

.debug_aranges  0x00000000      0x488
 *(.debug_aranges)
 .debug_aranges
                0x00000000       0x38 Startup/startup_XMC4500.o
 .debug_aranges
                0x00000038       0x30 Startup/system_XMC4500.o
 .debug_aranges
                0x00000068       0xe8 Main.o
 .debug_aranges
                0x00000150       0xa0 Lib/System_LibcStubs.o
 .debug_aranges
                0x000001f0       0x80 Dave/Generated/src/UART001/UART001.o
 .debug_aranges
                0x00000270       0x18 Dave/Generated/src/UART001/UART001_Conf.o
 .debug_aranges
                0x00000288       0x90 Dave/Generated/src/SYSTM001/SYSTM001.o
 .debug_aranges
                0x00000318       0x40 Dave/Generated/src/RESET001/RESET001.o
 .debug_aranges
                0x00000358       0x18 Dave/Generated/src/LIBS/CCU8PWMLIB.o
 .debug_aranges
                0x00000370       0x18 Dave/Generated/src/LIBS/MOTORLIB.o
 .debug_aranges
                0x00000388       0x30 Dave/Generated/src/IO004/IO004.o
 .debug_aranges
                0x000003b8       0x18 Dave/Generated/src/IO004/IO004_Conf.o
 .debug_aranges
                0x000003d0       0x30 Dave/Generated/src/DAVESupport/DAVE3.o
 .debug_aranges
                0x00000400       0x28 Dave/Generated/src/DAVESupport/MULTIPLEXER.o
 .debug_aranges
                0x00000428       0x60 Dave/Generated/src/CLK001/CLK001.o

.debug_pubnames
 *(.debug_pubnames)

.debug_pubtypes
 *(.debug_pubtypes)

.debug_info     0x00000000     0x616e
 *(.debug_info .gnu.linkonce.wi.*)
 .debug_info    0x00000000       0x86 Startup/startup_XMC4500.o
 .debug_info    0x00000086      0xaf0 Startup/system_XMC4500.o
 .debug_info    0x00000b76     0x10a4 Main.o
 .debug_info    0x00001c1a      0x65f Lib/System_LibcStubs.o
 .debug_info    0x00002279      0xfc2 Dave/Generated/src/UART001/UART001.o
 .debug_info    0x0000323b      0x805 Dave/Generated/src/UART001/UART001_Conf.o
 .debug_info    0x00003a40      0xc2e Dave/Generated/src/SYSTM001/SYSTM001.o
 .debug_info    0x0000466e      0x47c Dave/Generated/src/RESET001/RESET001.o
 .debug_info    0x00004aea       0x94 Dave/Generated/src/LIBS/CCU8PWMLIB.o
 .debug_info    0x00004b7e       0x94 Dave/Generated/src/LIBS/MOTORLIB.o
 .debug_info    0x00004c12      0x3ac Dave/Generated/src/IO004/IO004.o
 .debug_info    0x00004fbe      0x298 Dave/Generated/src/IO004/IO004_Conf.o
 .debug_info    0x00005256      0x2e9 Dave/Generated/src/DAVESupport/DAVE3.o
 .debug_info    0x0000553f      0x5a6 Dave/Generated/src/DAVESupport/MULTIPLEXER.o
 .debug_info    0x00005ae5      0x689 Dave/Generated/src/CLK001/CLK001.o

.debug_abbrev   0x00000000     0x132f
 *(.debug_abbrev)
 .debug_abbrev  0x00000000       0x12 Startup/startup_XMC4500.o
 .debug_abbrev  0x00000012      0x154 Startup/system_XMC4500.o
 .debug_abbrev  0x00000166      0x3a8 Main.o
 .debug_abbrev  0x0000050e      0x149 Lib/System_LibcStubs.o
 .debug_abbrev  0x00000657      0x203 Dave/Generated/src/UART001/UART001.o
 .debug_abbrev  0x0000085a      0x12c Dave/Generated/src/UART001/UART001_Conf.o
 .debug_abbrev  0x00000986      0x26b Dave/Generated/src/SYSTM001/SYSTM001.o
 .debug_abbrev  0x00000bf1      0x122 Dave/Generated/src/RESET001/RESET001.o
 .debug_abbrev  0x00000d13       0x4e Dave/Generated/src/LIBS/CCU8PWMLIB.o
 .debug_abbrev  0x00000d61       0x4e Dave/Generated/src/LIBS/MOTORLIB.o
 .debug_abbrev  0x00000daf      0x129 Dave/Generated/src/IO004/IO004.o
 .debug_abbrev  0x00000ed8       0xbb Dave/Generated/src/IO004/IO004_Conf.o
 .debug_abbrev  0x00000f93       0xf3 Dave/Generated/src/DAVESupport/DAVE3.o
 .debug_abbrev  0x00001086      0x123 Dave/Generated/src/DAVESupport/MULTIPLEXER.o
 .debug_abbrev  0x000011a9      0x186 Dave/Generated/src/CLK001/CLK001.o

.debug_line     0x00000000     0x6865
 *(.debug_line)
 .debug_line    0x00000000      0x19d Startup/startup_XMC4500.o
 .debug_line    0x0000019d      0x3b7 Startup/system_XMC4500.o
 .debug_line    0x00000554      0xbec Main.o
 .debug_line    0x00001140      0x3c1 Lib/System_LibcStubs.o
 .debug_line    0x00001501      0x6d5 Dave/Generated/src/UART001/UART001.o
 .debug_line    0x00001bd6      0x3eb Dave/Generated/src/UART001/UART001_Conf.o
 .debug_line    0x00001fc1      0xafa Dave/Generated/src/SYSTM001/SYSTM001.o
 .debug_line    0x00002abb      0x41e Dave/Generated/src/RESET001/RESET001.o
 .debug_line    0x00002ed9      0x924 Dave/Generated/src/LIBS/CCU8PWMLIB.o
 .debug_line    0x000037fd      0x920 Dave/Generated/src/LIBS/MOTORLIB.o
 .debug_line    0x0000411d      0x97b Dave/Generated/src/IO004/IO004.o
 .debug_line    0x00004a98      0x8eb Dave/Generated/src/IO004/IO004_Conf.o
 .debug_line    0x00005383      0x81f Dave/Generated/src/DAVESupport/DAVE3.o
 .debug_line    0x00005ba2      0x814 Dave/Generated/src/DAVESupport/MULTIPLEXER.o
 .debug_line    0x000063b6      0x4af Dave/Generated/src/CLK001/CLK001.o

.debug_frame    0x00000000      0xbcc
 *(.debug_frame)
 .debug_frame   0x00000000       0x6c Startup/system_XMC4500.o
 .debug_frame   0x0000006c      0x318 Main.o
 .debug_frame   0x00000384      0x1ec Lib/System_LibcStubs.o
 .debug_frame   0x00000570      0x190 Dave/Generated/src/UART001/UART001.o
 .debug_frame   0x00000700      0x1d0 Dave/Generated/src/SYSTM001/SYSTM001.o
 .debug_frame   0x000008d0       0x9c Dave/Generated/src/RESET001/RESET001.o
 .debug_frame   0x0000096c       0x64 Dave/Generated/src/IO004/IO004.o
 .debug_frame   0x000009d0       0x64 Dave/Generated/src/DAVESupport/DAVE3.o
 .debug_frame   0x00000a34       0x48 Dave/Generated/src/DAVESupport/MULTIPLEXER.o
 .debug_frame   0x00000a7c      0x120 Dave/Generated/src/CLK001/CLK001.o
 .debug_frame   0x00000b9c       0x30 d:/dave-3.1.10/arm-gcc/bin/../lib/gcc/arm-none-eabi/4.7.4/../../../../arm-none-eabi/lib/armv7e-m\libg.a(lib_a-init.o)

.debug_str      0x00000000    0x98404
 *(.debug_str)
 .debug_str     0x00000000    0x9016c Startup/system_XMC4500.o
                              0x90483 (size before relaxing)
 .debug_str     0x0009016c     0x39b1 Main.o
                              0x939d8 (size before relaxing)
 .debug_str     0x00093b1d     0x2e29 Lib/System_LibcStubs.o
                               0x58a3 (size before relaxing)
 .debug_str     0x00096946      0x7ca Dave/Generated/src/UART001/UART001.o
                              0x915d7 (size before relaxing)
 .debug_str     0x00097110       0x2d Dave/Generated/src/UART001/UART001_Conf.o
                              0x90e23 (size before relaxing)
 .debug_str     0x0009713d      0xc61 Dave/Generated/src/SYSTM001/SYSTM001.o
                              0x93c4b (size before relaxing)
 .debug_str     0x00097d9e      0x225 Dave/Generated/src/RESET001/RESET001.o
                              0x907e2 (size before relaxing)
 .debug_str     0x00097fc3       0x28 Dave/Generated/src/LIBS/CCU8PWMLIB.o
                              0x92e8d (size before relaxing)
 .debug_str     0x00097feb       0x26 Dave/Generated/src/LIBS/MOTORLIB.o
                              0x92e8b (size before relaxing)
 .debug_str     0x00098011      0x156 Dave/Generated/src/IO004/IO004.o
                              0x93092 (size before relaxing)
 .debug_str     0x00098167       0x29 Dave/Generated/src/IO004/IO004_Conf.o
                              0x92f59 (size before relaxing)
 .debug_str     0x00098190       0x68 Dave/Generated/src/DAVESupport/DAVE3.o
                              0x92f5b (size before relaxing)
 .debug_str     0x000981f8       0x66 Dave/Generated/src/DAVESupport/MULTIPLEXER.o
                              0x9304a (size before relaxing)
 .debug_str     0x0009825e      0x1a6 Dave/Generated/src/CLK001/CLK001.o
                              0x90a6b (size before relaxing)

.debug_loc      0x00000000     0x1406
 *(.debug_loc)
 .debug_loc     0x00000000       0xa8 Startup/system_XMC4500.o
 .debug_loc     0x000000a8      0x538 Main.o
 .debug_loc     0x000005e0      0x388 Lib/System_LibcStubs.o
 .debug_loc     0x00000968      0x2e6 Dave/Generated/src/UART001/UART001.o
 .debug_loc     0x00000c4e      0x330 Dave/Generated/src/SYSTM001/SYSTM001.o
 .debug_loc     0x00000f7e      0x118 Dave/Generated/src/RESET001/RESET001.o
 .debug_loc     0x00001096       0x9c Dave/Generated/src/IO004/IO004.o
 .debug_loc     0x00001132       0x90 Dave/Generated/src/DAVESupport/DAVE3.o
 .debug_loc     0x000011c2       0x64 Dave/Generated/src/DAVESupport/MULTIPLEXER.o
 .debug_loc     0x00001226      0x1e0 Dave/Generated/src/CLK001/CLK001.o

.debug_macinfo
 *(.debug_macinfo)

.debug_ranges   0x00000000      0x380
 *(.debug_ranges)
 .debug_ranges  0x00000000       0x30 Startup/startup_XMC4500.o
 .debug_ranges  0x00000030       0x20 Startup/system_XMC4500.o
 .debug_ranges  0x00000050       0xd8 Main.o
 .debug_ranges  0x00000128       0x90 Lib/System_LibcStubs.o
 .debug_ranges  0x000001b8       0x70 Dave/Generated/src/UART001/UART001.o
 .debug_ranges  0x00000228       0x80 Dave/Generated/src/SYSTM001/SYSTM001.o
 .debug_ranges  0x000002a8       0x30 Dave/Generated/src/RESET001/RESET001.o
 .debug_ranges  0x000002d8       0x20 Dave/Generated/src/IO004/IO004.o
 .debug_ranges  0x000002f8       0x20 Dave/Generated/src/DAVESupport/DAVE3.o
 .debug_ranges  0x00000318       0x18 Dave/Generated/src/DAVESupport/MULTIPLEXER.o
 .debug_ranges  0x00000330       0x50 Dave/Generated/src/CLK001/CLK001.o

.debug_weaknames
 *(.debug_weaknames)

.debug_funcnames
 *(.debug_funcnames)

.debug_typenames
 *(.debug_typenames)

.debug_varnames
 *(.debug_varnames)

.build_attributes
                0x00000000      0x3cd
 *(.ARM.attributes)
 .ARM.attributes
                0x00000000       0x27 Startup/startup_XMC4500.o
 .ARM.attributes
                0x00000027       0x39 Startup/system_XMC4500.o
 .ARM.attributes
                0x00000060       0x39 Main.o
 .ARM.attributes
                0x00000099       0x39 Lib/System_LibcStubs.o
 .ARM.attributes
                0x000000d2       0x39 Dave/Generated/src/UART001/UART001.o
 .ARM.attributes
                0x0000010b       0x39 Dave/Generated/src/UART001/UART001_Conf.o
 .ARM.attributes
                0x00000144       0x39 Dave/Generated/src/SYSTM001/SYSTM001.o
 .ARM.attributes
                0x0000017d       0x39 Dave/Generated/src/RESET001/RESET001.o
 .ARM.attributes
                0x000001b6       0x39 Dave/Generated/src/LIBS/CCU8PWMLIB.o
 .ARM.attributes
                0x000001ef       0x39 Dave/Generated/src/LIBS/MOTORLIB.o
 .ARM.attributes
                0x00000228       0x39 Dave/Generated/src/IO004/IO004.o
 .ARM.attributes
                0x00000261       0x39 Dave/Generated/src/IO004/IO004_Conf.o
 .ARM.attributes
                0x0000029a       0x39 Dave/Generated/src/DAVESupport/DAVE3.o
 .ARM.attributes
                0x000002d3       0x39 Dave/Generated/src/DAVESupport/MULTIPLEXER.o
 .ARM.attributes
                0x0000030c       0x39 Dave/Generated/src/CLK001/CLK001.o
 .ARM.attributes
                0x00000345       0x1e d:/dave-3.1.10/arm-gcc/bin/../lib/gcc/arm-none-eabi/4.7.4/armv7e-m\libgcc.a(_arm_addsubdf3.o)
 .ARM.attributes
                0x00000363       0x1e d:/dave-3.1.10/arm-gcc/bin/../lib/gcc/arm-none-eabi/4.7.4/armv7e-m\libgcc.a(_arm_muldivdf3.o)
 .ARM.attributes
                0x00000381       0x1e d:/dave-3.1.10/arm-gcc/bin/../lib/gcc/arm-none-eabi/4.7.4/armv7e-m\libgcc.a(_arm_fixdfsi.o)
 .ARM.attributes
                0x0000039f       0x2e d:/dave-3.1.10/arm-gcc/bin/../lib/gcc/arm-none-eabi/4.7.4/../../../../arm-none-eabi/lib/armv7e-m\libg.a(lib_a-init.o)
OUTPUT(XMC4500_IO_Test.elf elf32-littlearm)

.debug_macro    0x00000000    0x19842
 .debug_macro   0x00000000      0x17e Startup/system_XMC4500.o
 .debug_macro   0x0000017e      0x814 Startup/system_XMC4500.o
 .debug_macro   0x00000992       0x3a Startup/system_XMC4500.o
 .debug_macro   0x000009cc       0x10 Startup/system_XMC4500.o
 .debug_macro   0x000009dc       0x2e Startup/system_XMC4500.o
 .debug_macro   0x00000a0a       0xa3 Startup/system_XMC4500.o
 .debug_macro   0x00000aad      0x20e Startup/system_XMC4500.o
 .debug_macro   0x00000cbb       0x6a Startup/system_XMC4500.o
 .debug_macro   0x00000d25       0x2d Startup/system_XMC4500.o
 .debug_macro   0x00000d52       0x3b Startup/system_XMC4500.o
 .debug_macro   0x00000d8d       0x2d Startup/system_XMC4500.o
 .debug_macro   0x00000dba       0x42 Startup/system_XMC4500.o
 .debug_macro   0x00000dfc      0xd39 Startup/system_XMC4500.o
 .debug_macro   0x00001b35    0x150f5 Startup/system_XMC4500.o
 .debug_macro   0x00016c2a      0x26d Main.o
 .debug_macro   0x00016e97       0x70 Main.o
 .debug_macro   0x00016f07      0x16c Main.o
 .debug_macro   0x00017073       0x22 Main.o
 .debug_macro   0x00017095      0x54a Main.o
 .debug_macro   0x000175df       0x64 Main.o
 .debug_macro   0x00017643       0x46 Main.o
 .debug_macro   0x00017689      0x160 Main.o
 .debug_macro   0x000177e9       0x2d Main.o
 .debug_macro   0x00017816      0x130 Main.o
 .debug_macro   0x00017946       0x7f Main.o
 .debug_macro   0x000179c5       0xb4 Main.o
 .debug_macro   0x00017a79       0xb6 Main.o
 .debug_macro   0x00017b2f       0x34 Main.o
 .debug_macro   0x00017b63       0x11 Main.o
 .debug_macro   0x00017b74       0x28 Main.o
 .debug_macro   0x00017b9c      0x119 Lib/System_LibcStubs.o
 .debug_macro   0x00017cb5       0x3a Lib/System_LibcStubs.o
 .debug_macro   0x00017cef       0x52 Lib/System_LibcStubs.o
 .debug_macro   0x00017d41       0x19 Lib/System_LibcStubs.o
 .debug_macro   0x00017d5a      0x16d Lib/System_LibcStubs.o
 .debug_macro   0x00017ec7       0x10 Lib/System_LibcStubs.o
 .debug_macro   0x00017ed7       0x16 Lib/System_LibcStubs.o
 .debug_macro   0x00017eed       0x89 Lib/System_LibcStubs.o
 .debug_macro   0x00017f76       0x10 Lib/System_LibcStubs.o
 .debug_macro   0x00017f86       0xf5 Lib/System_LibcStubs.o
 .debug_macro   0x0001807b       0x22 Lib/System_LibcStubs.o
 .debug_macro   0x0001809d       0x91 Lib/System_LibcStubs.o
 .debug_macro   0x0001812e       0x34 Lib/System_LibcStubs.o
 .debug_macro   0x00018162      0x120 Lib/System_LibcStubs.o
 .debug_macro   0x00018282       0x16 Lib/System_LibcStubs.o
 .debug_macro   0x00018298       0x35 Lib/System_LibcStubs.o
 .debug_macro   0x000182cd      0x495 Lib/System_LibcStubs.o
 .debug_macro   0x00018762      0x16e Dave/Generated/src/UART001/UART001.o
 .debug_macro   0x000188d0       0xb0 Dave/Generated/src/UART001/UART001.o
 .debug_macro   0x00018980       0xfe Dave/Generated/src/UART001/UART001_Conf.o
 .debug_macro   0x00018a7e      0x251 Dave/Generated/src/SYSTM001/SYSTM001.o
 .debug_macro   0x00018ccf       0xff Dave/Generated/src/RESET001/RESET001.o
 .debug_macro   0x00018dce      0x199 Dave/Generated/src/LIBS/CCU8PWMLIB.o
 .debug_macro   0x00018f67      0x199 Dave/Generated/src/LIBS/MOTORLIB.o
 .debug_macro   0x00019100      0x195 Dave/Generated/src/IO004/IO004.o
 .debug_macro   0x00019295      0x195 Dave/Generated/src/IO004/IO004_Conf.o
 .debug_macro   0x0001942a      0x195 Dave/Generated/src/DAVESupport/DAVE3.o
 .debug_macro   0x000195bf      0x195 Dave/Generated/src/DAVESupport/MULTIPLEXER.o
 .debug_macro   0x00019754       0xee Dave/Generated/src/CLK001/CLK001.o
