<html>
<body>
<pre>
<h1>µVision Build Log</h1>
<h2>Project:</h2>
D:\MCU_Project\MCU_STM32\´®¿ÚÊä³öMPU-6050\´®¿Ú\lunzhou.uvproj
Project File Date:  10/09/2011

<h2>Output:</h2>
Build target 'Target 1'
compiling main.c...
SRC\main.c(564): error:  #20: identifier "MPU3050_Addr" is undefined
SRC\main.c(574): error:  #20: identifier "MPU3050_Addr" is undefined
Target not created
Build target 'Target 1'
compiling main.c...
linking...
Program Size: Code=8172 RO-data=336 RW-data=40 ZI-data=1648  
FromELF: creating hex file...
"lunzhou.axf" - 0 Error(s), 0 Warning(s).
Build target 'Target 1'
compiling main.c...
linking...
Program Size: Code=8172 RO-data=336 RW-data=40 ZI-data=1648  
FromELF: creating hex file...
"lunzhou.axf" - 0 Error(s), 0 Warning(s).
Build target 'Target 1'
compiling main.c...
SRC\main.c(588): error:  #20: identifier "TMP_L" is undefined
SRC\main.c(589): error:  #20: identifier "TMP_H" is undefined
Target not created
Build target 'Target 1'
compiling main.c...
SRC\main.c(588): error:  #20: identifier "TMP_L" is undefined
SRC\main.c(589): error:  #20: identifier "TMP_H" is undefined
Target not created
Build target 'Target 1'
compiling main.c...
linking...
Program Size: Code=9316 RO-data=336 RW-data=40 ZI-data=1648  
FromELF: creating hex file...
"lunzhou.axf" - 0 Error(s), 0 Warning(s).
Build target 'Target 1'
compiling main.c...
linking...
Program Size: Code=8172 RO-data=336 RW-data=40 ZI-data=1648  
FromELF: creating hex file...
"lunzhou.axf" - 0 Error(s), 0 Warning(s).
